// Jest Snapshot v1, https://goo.gl/fbAQLP

exports[`simulation input add tag 1`] = `
<div>
  <div
    class="grid gap-2"
  >
    <label
      class="text-sm font-medium leading-none peer-disabled:cursor-not-allowed peer-disabled:opacity-70"
      for="addTags"
    >
      Add tags
    </label>
    <div>
      <p
        class="text-xs text-zinc-600 mt-1 dark:text-zinc-300"
      >
        Your tags
      </p>
      <ul
        class="flex flex-wrap items-start space-x-2"
      >
        <li>
          <button
            aria-label="remove tag"
            class="hover:opacity-85"
            type="button"
            value="lorem"
          >
            <div
              class="rounded-full border px-2.5 py-0.5 text-xs font-semibold transition-colors focus:outline-none focus:ring-2 focus:ring-slate-950 focus:ring-offset-2 dark:border-slate-800 dark:focus:ring-slate-300 border-transparent bg-slate-900 text-slate-50 hover:bg-slate-900/80 dark:bg-slate-50 dark:text-slate-900 dark:hover:bg-slate-50/80 flex gap-1 items-center pointer-events-none"
            >
              lorem
              <svg
                class="lucide lucide-plus "
                fill="none"
                height="14"
                stroke="currentColor"
                stroke-linecap="round"
                stroke-linejoin="round"
                stroke-width="2"
                viewBox="0 0 24 24"
                width="14"
                xmlns="http://www.w3.org/2000/svg"
              >
                <path
                  d="M5 12h14"
                />
                <path
                  d="M12 5v14"
                />
              </svg>
            </div>
          </button>
        </li>
        <li>
          <button
            aria-label="remove tag"
            class="hover:opacity-85"
            type="button"
            value="ipsum"
          >
            <div
              class="rounded-full border px-2.5 py-0.5 text-xs font-semibold transition-colors focus:outline-none focus:ring-2 focus:ring-slate-950 focus:ring-offset-2 dark:border-slate-800 dark:focus:ring-slate-300 border-transparent bg-slate-900 text-slate-50 hover:bg-slate-900/80 dark:bg-slate-50 dark:text-slate-900 dark:hover:bg-slate-50/80 flex gap-1 items-center pointer-events-none"
            >
              ipsum
              <svg
                class="lucide lucide-plus "
                fill="none"
                height="14"
                stroke="currentColor"
                stroke-linecap="round"
                stroke-linejoin="round"
                stroke-width="2"
                viewBox="0 0 24 24"
                width="14"
                xmlns="http://www.w3.org/2000/svg"
              >
                <path
                  d="M5 12h14"
                />
                <path
                  d="M12 5v14"
                />
              </svg>
            </div>
          </button>
        </li>
      </ul>
    </div>
    <div
      class="relative"
    >
      <input
        class="flex h-10 w-full rounded-md border border-slate-200 bg-white px-3 py-2 text-sm ring-offset-white file:border-0 file:bg-transparent file:text-sm file:font-medium placeholder:text-slate-500 focus-visible:outline-none focus-visible:ring-2 focus-visible:ring-slate-950 focus-visible:ring-offset-2 disabled:cursor-not-allowed disabled:opacity-50 dark:border-slate-800 dark:bg-slate-950 dark:ring-offset-slate-950 dark:placeholder:text-slate-400 dark:focus-visible:ring-slate-300 my-0"
        data-testid="input-add-tags"
        id="addTags"
        placeholder="New Tag"
        value="new tag 2"
      />
      <button
        class="inline-flex items-center justify-center whitespace-nowrap rounded-md text-sm font-medium ring-offset-white transition-colors focus-visible:outline-none focus-visible:ring-2 focus-visible:ring-slate-950 focus-visible:ring-offset-2 disabled:pointer-events-none disabled:opacity-50 dark:ring-offset-slate-950 dark:focus-visible:ring-slate-300 bg-slate-900 text-slate-50 hover:bg-slate-900/90 dark:bg-slate-50 dark:text-slate-900 dark:hover:bg-slate-50/90 h-10 px-4 py-2 absolute right-0 top-0"
        data-testid="input-add-tags-button"
        type="button"
      >
        <svg
          class="lucide lucide-plus "
          fill="none"
          height="24"
          stroke="currentColor"
          stroke-linecap="round"
          stroke-linejoin="round"
          stroke-width="2"
          viewBox="0 0 24 24"
          width="24"
          xmlns="http://www.w3.org/2000/svg"
        >
          <path
            d="M5 12h14"
          />
          <path
            d="M12 5v14"
          />
        </svg>
      </button>
    </div>
  </div>
  <ul
    class="flex flex-wrap items-start space-x-2"
  />
</div>
`;
