// Jest Snapshot v1, https://goo.gl/fbAQLP

exports[`Note card tests render skeleton 1`] = `
<div
  class="px-3 xs:px-4 py-3 lg:py-5 w-full lg:px-12 xl:px-16 2xl:px-24"
>
  Container
</div>
`;
